src/components/dashboard/super-admin/manage-users.tsx(5,10): error TS2305: Module '"@/hooks/use-auth"' has no exported member 'fetchAuthSession'.
